// Jest Snapshot v1, https://goo.gl/fbAQLP

exports[`AddressBar component renders 1`] = `
ShallowWrapper {
  "length": 1,
  Symbol(enzyme.__root__): [Circular],
  Symbol(enzyme.__unrendered__): <AddressBar
    appState={
      Object {
        "gistId": null,
      }
    }
  />,
  Symbol(enzyme.__renderer__): Object {
    "batchedUpdates": [Function],
    "getNode": [Function],
    "render": [Function],
    "simulateEvent": [Function],
    "unmount": [Function],
  },
  Symbol(enzyme.__node__): Object {
    "instance": null,
    "key": undefined,
    "nodeType": "host",
    "props": Object {
      "children": Array [
        <span>
          https://gist.github.com/
        </span>,
        <input
          onChange={[Function]}
          placeholder="..."
          type="text"
          value={null}
        />,
      ],
      "className": "address-bar empty",
      "onSubmit": [Function],
    },
    "ref": null,
    "rendered": Array [
      Object {
        "instance": null,
        "key": undefined,
        "nodeType": "host",
        "props": Object {
          "children": "https://gist.github.com/",
        },
        "ref": null,
        "rendered": "https://gist.github.com/",
        "type": "span",
      },
      Object {
        "instance": null,
        "key": "addressbar",
        "nodeType": "host",
        "props": Object {
          "onChange": [Function],
          "placeholder": "...",
          "type": "text",
          "value": null,
        },
        "ref": null,
        "rendered": null,
        "type": "input",
      },
    ],
    "type": "form",
  },
  Symbol(enzyme.__nodes__): Array [
    Object {
      "instance": null,
      "key": undefined,
      "nodeType": "host",
      "props": Object {
        "children": Array [
          <span>
            https://gist.github.com/
          </span>,
          <input
            onChange={[Function]}
            placeholder="..."
            type="text"
            value={null}
          />,
        ],
        "className": "address-bar empty",
        "onSubmit": [Function],
      },
      "ref": null,
      "rendered": Array [
        Object {
          "instance": null,
          "key": undefined,
          "nodeType": "host",
          "props": Object {
            "children": "https://gist.github.com/",
          },
          "ref": null,
          "rendered": "https://gist.github.com/",
          "type": "span",
        },
        Object {
          "instance": null,
          "key": "addressbar",
          "nodeType": "host",
          "props": Object {
            "onChange": [Function],
            "placeholder": "...",
            "type": "text",
            "value": null,
          },
          "ref": null,
          "rendered": null,
          "type": "input",
        },
      ],
      "type": "form",
    },
  ],
  Symbol(enzyme.__options__): Object {
    "adapter": ReactSixteenAdapter {
      "options": Object {
        "enableComponentDidUpdateOnSetState": true,
      },
    },
  },
}
`;
