// Jest Snapshot v1, https://goo.gl/fbAQLP

exports[`Chrome-Mac component renders 1`] = `
<div
  className="chrome drag"
>
  <small>
    Electron Fiddle - Unsaved
  </small>
</div>
`;
