// Jest Snapshot v1, https://goo.gl/fbAQLP

exports[`VersionChooser component renders 1`] = `""`;
