// Jest Snapshot v1, https://goo.gl/fbAQLP

exports[`AddVersionDialog component renders 1`] = `
<Blueprint3.Dialog
  canOutsideClickClose={true}
  className="dialog-add-version"
  isOpen={true}
  onClose={[Function]}
  title="Add local Electron build"
>
  <div
    className="bp3-dialog-body"
  >
    <Blueprint3.FileInput
      id="custom-electron-version"
      inputProps={
        Object {
          "webkitdirectory": "true",
        }
      }
      onInputChange={[Function]}
      text="Select the folder containing Electron.app..."
    />
    <br />
  </div>
  <div
    className="bp3-dialog-footer"
  >
    <div
      className="bp3-dialog-footer-actions"
    >
      <Blueprint3.Button
        disabled={false}
        icon="add"
        key="submit"
        onClick={[Function]}
        text="Add"
      />
      <Blueprint3.Button
        icon="cross"
        key="cancel"
        onClick={[Function]}
        text="Cancel"
      />
    </div>
  </div>
</Blueprint3.Dialog>
`;
