// Jest Snapshot v1, https://goo.gl/fbAQLP

exports[`Runner component renders 1`] = `
<button
  className="button button-run"
  onClick={[Function]}
>
  Run
</button>
`;
