// Jest Snapshot v1, https://goo.gl/fbAQLP

exports[`AppearanceSettings component renders 1`] = `
ShallowWrapper {
  "length": 1,
  Symbol(enzyme.__root__): [Circular],
  Symbol(enzyme.__unrendered__): <AppearanceSettings
    appState={Object {}}
  />,
  Symbol(enzyme.__renderer__): Object {
    "batchedUpdates": [Function],
    "getNode": [Function],
    "render": [Function],
    "simulateEvent": [Function],
    "unmount": [Function],
  },
  Symbol(enzyme.__node__): Object {
    "instance": null,
    "key": undefined,
    "nodeType": "host",
    "props": Object {
      "children": Array [
        <h4>
          Appearance
        </h4>,
        <label>
          To add themes, add JSON theme files to 
          <a
            id="open-theme-folder"
            onClick={[Function]}
          >
            <code>
              ~/fake-user/.electron-fiddle/themes
            </code>
          </a>
          .
        </label>,
        <select
          className="select-themes"
          onChange={[Function]}
          value="undefined"
        />,
      ],
    },
    "ref": null,
    "rendered": Array [
      Object {
        "instance": null,
        "key": undefined,
        "nodeType": "host",
        "props": Object {
          "children": "Appearance",
        },
        "ref": null,
        "rendered": "Appearance",
        "type": "h4",
      },
      Object {
        "instance": null,
        "key": "theme-label",
        "nodeType": "host",
        "props": Object {
          "children": Array [
            "To add themes, add JSON theme files to ",
            <a
              id="open-theme-folder"
              onClick={[Function]}
            >
              <code>
                ~/fake-user/.electron-fiddle/themes
              </code>
            </a>,
            ".",
          ],
        },
        "ref": null,
        "rendered": Array [
          "To add themes, add JSON theme files to ",
          Object {
            "instance": null,
            "key": undefined,
            "nodeType": "host",
            "props": Object {
              "children": <code>
                ~/fake-user/.electron-fiddle/themes
              </code>,
              "id": "open-theme-folder",
              "onClick": [Function],
            },
            "ref": null,
            "rendered": Object {
              "instance": null,
              "key": undefined,
              "nodeType": "host",
              "props": Object {
                "children": "~/fake-user/.electron-fiddle/themes",
              },
              "ref": null,
              "rendered": "~/fake-user/.electron-fiddle/themes",
              "type": "code",
            },
            "type": "a",
          },
          ".",
        ],
        "type": "label",
      },
      Object {
        "instance": null,
        "key": undefined,
        "nodeType": "host",
        "props": Object {
          "children": Array [],
          "className": "select-themes",
          "onChange": [Function],
          "value": "undefined",
        },
        "ref": null,
        "rendered": Array [],
        "type": "select",
      },
    ],
    "type": "div",
  },
  Symbol(enzyme.__nodes__): Array [
    Object {
      "instance": null,
      "key": undefined,
      "nodeType": "host",
      "props": Object {
        "children": Array [
          <h4>
            Appearance
          </h4>,
          <label>
            To add themes, add JSON theme files to 
            <a
              id="open-theme-folder"
              onClick={[Function]}
            >
              <code>
                ~/fake-user/.electron-fiddle/themes
              </code>
            </a>
            .
          </label>,
          <select
            className="select-themes"
            onChange={[Function]}
            value="undefined"
          />,
        ],
      },
      "ref": null,
      "rendered": Array [
        Object {
          "instance": null,
          "key": undefined,
          "nodeType": "host",
          "props": Object {
            "children": "Appearance",
          },
          "ref": null,
          "rendered": "Appearance",
          "type": "h4",
        },
        Object {
          "instance": null,
          "key": "theme-label",
          "nodeType": "host",
          "props": Object {
            "children": Array [
              "To add themes, add JSON theme files to ",
              <a
                id="open-theme-folder"
                onClick={[Function]}
              >
                <code>
                  ~/fake-user/.electron-fiddle/themes
                </code>
              </a>,
              ".",
            ],
          },
          "ref": null,
          "rendered": Array [
            "To add themes, add JSON theme files to ",
            Object {
              "instance": null,
              "key": undefined,
              "nodeType": "host",
              "props": Object {
                "children": <code>
                  ~/fake-user/.electron-fiddle/themes
                </code>,
                "id": "open-theme-folder",
                "onClick": [Function],
              },
              "ref": null,
              "rendered": Object {
                "instance": null,
                "key": undefined,
                "nodeType": "host",
                "props": Object {
                  "children": "~/fake-user/.electron-fiddle/themes",
                },
                "ref": null,
                "rendered": "~/fake-user/.electron-fiddle/themes",
                "type": "code",
              },
              "type": "a",
            },
            ".",
          ],
          "type": "label",
        },
        Object {
          "instance": null,
          "key": undefined,
          "nodeType": "host",
          "props": Object {
            "children": Array [],
            "className": "select-themes",
            "onChange": [Function],
            "value": "undefined",
          },
          "ref": null,
          "rendered": Array [],
          "type": "select",
        },
      ],
      "type": "div",
    },
  ],
  Symbol(enzyme.__options__): Object {
    "adapter": ReactSixteenAdapter {
      "options": Object {
        "enableComponentDidUpdateOnSetState": true,
      },
    },
  },
}
`;
