// Jest Snapshot v1, https://goo.gl/fbAQLP

exports[`GeneralSettings component renders 1`] = `
<div>
  <h2>
    General Settings
  </h2>
  <settings-appearance
    appState={Object {}}
  />
  <hr />
  <settings-github
    appState={Object {}}
  />
</div>
`;
