// Jest Snapshot v1, https://goo.gl/fbAQLP

exports[`TokenDialog component renders 1`] = `
<Dialog
  buttons={
    Array [
      <button
        className="button"
        disabled={true}
        onClick={[Function]}
      >
        Done
      </button>,
      <button
        className="cancel"
        onClick={[Function]}
      >
        Cancel
      </button>,
    ]
  }
  className="tokenDialog"
  isCentered={true}
  isShowing={true}
  isShowingBackdrop={true}
  key="tokenDialog"
  onClose={[Function]}
>
  <span
    className="generateTokenText"
  >
    <FontAwesomeIcon
      border={false}
      className=""
      fixedWidth={false}
      flip={null}
      icon={
        Object {
          "icon": Array [
            512,
            512,
            Array [],
            "f084",
            "M512 176.001C512 273.203 433.202 352 336 352c-11.22 0-22.19-1.062-32.827-3.069l-24.012 27.014A23.999 23.999 0 0 1 261.223 384H224v40c0 13.255-10.745 24-24 24h-40v40c0 13.255-10.745 24-24 24H24c-13.255 0-24-10.745-24-24v-78.059c0-6.365 2.529-12.47 7.029-16.971l161.802-161.802C163.108 213.814 160 195.271 160 176 160 78.798 238.797.001 335.999 0 433.488-.001 512 78.511 512 176.001zM336 128c0 26.51 21.49 48 48 48s48-21.49 48-48-21.49-48-48-48-48 21.49-48 48z",
          ],
          "iconName": "key",
          "prefix": "fas",
        }
      }
      inverse={false}
      listItem={false}
      mask={null}
      pull={null}
      pulse={false}
      rotation={null}
      size={null}
      spin={false}
      symbol={false}
      title=""
      transform={null}
    />
    Generate a 
    <a
      onClick={[Function]}
    >
      GitHub Personal Access Token
    </a>
     and paste it here:
  </span>
  <input
    className=""
    onChange={[Function]}
    onFocus={[Function]}
    value=""
  />
</Dialog>
`;
